// Jest Snapshot v1, https://goo.gl/fbAQLP

exports[`<LoginForm /> Should render the form correctly 1`] = `
<div
  className="container"
  id="loginContainer"
>
  <div
    className="card text-center card-form has-feedback"
  >
    <div
      className="card-body"
    >
      <form
        id="loginFormBody"
        onSubmit={[Function]}
      >
        <h1
          className="sign-up-h3"
        >
          Login
        </h1>
        <div
          className="form-group"
        >
          <input
            autoComplete="email"
            className="form-control form-control-lg"
            id="email"
            name="email"
            onChange={[Function]}
            placeholder="Email Address"
            type="email"
            value=""
          />
        </div>
        <div
          className="form-group"
        >
          <input
            autoComplete="current-password"
            className="form-control form-control-lg"
            id="password"
            name="password"
            onChange={[Function]}
            placeholder="Password"
            type="password"
            value=""
          />
        </div>
        <div />
        <input
          className="btn submit-btn size-bt btn-block"
          id="submitButton"
          type="submit"
          value="Submit"
        />
      </form>
      <p
        className="signin-pad"
      >
         Not yet registered?
        <Link
          className="account"
          replace={false}
          to="/register"
        >
          Let's hook you up with an account.
        </Link>
      </p>
    </div>
  </div>
</div>
`;
