// Jest Snapshot v1, https://goo.gl/fbAQLP

exports[`Should render review component correctly 1`] = `
<div
  className="row custom-div"
>
  <div
    className="col-md-11 review-box"
  >
    <p
      className="reviewer-name inline-p"
    />
    <span
      className="review-time"
    >
      Invalid date
    </span>
    <hr />
    <p
      className="review-content"
    >
      Amazing recipe you got fam!
    </p>
  </div>
</div>
`;
