// Jest Snapshot v1, https://goo.gl/fbAQLP

exports[`Should render the Navbar component 1`] = `
<div>
  <nav
    className="navbar navbar-expand-lg navbar-light bg-light navbar-fixed-top"
  >
    <button
      aria-controls="navbarTogglerDemo01"
      aria-expanded="false"
      aria-label="Toggle navigation"
      className="navbar-toggler"
      data-target="#startupNavbar"
      data-toggle="collapse"
      type="button"
    >
      <span
        className="navbar-toggler-icon"
      />
    </button>
    <a
      className="navbar-brand"
      href="#"
    >
      <img
        alt="More-Recipes"
        height="26"
        src="img/logo.png"
      />
    </a>
    <div
      className="collapse navbar-collapse navbar-expand"
      id="startupNavbar"
    >
      <ul
        className="nav navbar-nav ml-auto"
      >
        <li
          className="nav-item active"
        >
          <a
            className="nav-link"
            href="#"
          >
            Home 
            <span
              className="sr-only"
            >
              (current)
            </span>
          </a>
        </li>
        <li
          className="nav-item"
        >
          <a
            className="nav-link"
            data-target="#sigininmodal"
            data-toggle="modal"
            href=""
          >
            Sign In
          </a>
        </li>
        <li
          className="nav-item"
        >
          <a
            className="btn btn-primary"
            data-target="#signupmodal"
            data-toggle="modal"
            href=""
          >
            Sign Up
          </a>
        </li>
      </ul>
    </div>
  </nav>
  <div
    aria-hidden="true"
    aria-labelledby="exampleModalLabel"
    className="modal fade"
    id="sigininmodal"
    role="dialog"
    tabIndex="-1"
  >
    <div
      className="modal-dialog"
      role="document"
    >
      <div
        className="modal-content"
      >
        <div
          className="modal-header"
        >
          <h5
            className="modal-title"
            id="exampleModalLabel"
          >
            Sign in
          </h5>
          <button
            aria-label="Close"
            className="close"
            data-dismiss="modal"
            type="button"
          >
            <span
              aria-hidden="true"
            >
              ×
            </span>
          </button>
        </div>
        <div
          className="modal-body"
        >
          <form>
            <div
              className="form-group"
            >
              <input
                className="form-control form-control-lg"
                placeholder="Email Address"
                type="email"
              />
            </div>
            <div
              className="form-group"
            >
              <input
                className="form-control form-control-lg"
                placeholder="Password"
                type="password"
              />
            </div>
            <div
              className="form-check"
            >
              <label
                className="form-check-label"
              >
                <input
                  className="form-check-input"
                  type="checkbox"
                />
                Remember me
              </label>
            </div>
            <input
              className="btn btn-outline-success size-bt btn-block"
              type="submit"
              value="Submit"
            />
          </form>
          <p>
             Forgot your password?
          </p>
          <p>
             Not yet registered? 
            <a
              href="signup.html"
            >
               Let's hook you up with an account. 
            </a>
             
          </p>
        </div>
      </div>
    </div>
  </div>
  <div
    aria-hidden="true"
    aria-labelledby="exampleModalLabel"
    className="modal fade"
    id="signupmodal"
    role="dialog"
    tabIndex="-1"
  >
    <div
      className="modal-dialog"
      role="document"
    >
      <div
        className="modal-content"
      >
        <div
          className="modal-header"
        >
          <h5
            className="modal-title"
            id="exampleModalLabel"
          >
            Sign in
          </h5>
          <button
            aria-label="Close"
            className="close"
            data-dismiss="modal"
            type="button"
          >
            <span
              aria-hidden="true"
            >
              ×
            </span>
          </button>
        </div>
        <div
          className="modal-body"
        >
          <form
            action="/users/signup"
            method="POST"
          >
            <div
              className="form-group"
            >
              <input
                className="form-control form-control-lg"
                placeholder="Username"
                type="text"
              />
              <i
                className="glyphicon glyphicon-user form-control-feedback"
              />
            </div>
            <div
              className="form-group"
            >
              <input
                className="form-control form-control-lg"
                placeholder="Email Address"
                type="email"
              />
            </div>
            <div
              className="form-group"
            >
              <input
                className="form-control form-control-lg"
                placeholder="Password"
              />
            </div>
            <input
              className="btn btn-outline-success size-bt btn-block"
              type="submit"
              value="Submit"
            />
          </form>
          <p>
             Have an account? 
            <a
              href="signin.html"
            >
               Sign in 
            </a>
             
          </p>
        </div>
      </div>
    </div>
  </div>
</div>
`;
